
*****************************************************
Summary
-------
Generated at: 2025-11-27T09:37:33-03:00

Notes: 0
Binaries: 0
Archives: 0
Standards: 17

Apache Licensed: 0
Generated Documents: 0

JavaDocs are generated, thus a license header is optional.
Generated files do not require license headers.

0 Unknown Licenses

*****************************************************
  Files with Apache License headers will be marked AL
  Binary files (which do not require any license headers) will be marked B
  Compressed archives will be marked A
  Notices, licenses etc. will be marked N
  SPDX  /home/fede/IdeaProjects/opensearch-crud-plugin/consumer/src/main/java/org/opensearch/consumer/ConsumerPlugin.java
  SPDX  /home/fede/IdeaProjects/opensearch-crud-plugin/consumer/src/main/java/org/opensearch/consumer/action/RestConsumerDeleteAction.java
  SPDX  /home/fede/IdeaProjects/opensearch-crud-plugin/consumer/src/main/java/org/opensearch/consumer/action/RestConsumerGetAction.java
  SPDX  /home/fede/IdeaProjects/opensearch-crud-plugin/consumer/src/main/java/org/opensearch/consumer/action/RestConsumerIndexAction.java
  SPDX  /home/fede/IdeaProjects/opensearch-crud-plugin/consumer/src/main/java/org/opensearch/consumer/action/RestConsumerUpdateAction.java
  SPDX  /home/fede/IdeaProjects/opensearch-crud-plugin/consumer/src/main/java/org/opensearch/consumer/handler/RestConsumerHandler.java
  SPDX  /home/fede/IdeaProjects/opensearch-crud-plugin/consumer/src/main/java/org/opensearch/consumer/model/Consumer.java
  SPDX  /home/fede/IdeaProjects/opensearch-crud-plugin/consumer/src/main/java/org/opensearch/consumer/utils/StaticUtils.java
  SPDX  /home/fede/IdeaProjects/opensearch-crud-plugin/consumer/src/test/java/org/opensearch/provider/ConsumerPluginIT.java
  SPDX  /home/fede/IdeaProjects/opensearch-crud-plugin/consumer/src/test/java/org/opensearch/provider/ConsumerTests.java
  SPDX  /home/fede/IdeaProjects/opensearch-crud-plugin/consumer/src/test/java/org/opensearch/provider/action/RestConsumerDeleteActionTests.java
  SPDX  /home/fede/IdeaProjects/opensearch-crud-plugin/consumer/src/test/java/org/opensearch/provider/action/RestConsumerGetActionTests.java
  SPDX  /home/fede/IdeaProjects/opensearch-crud-plugin/consumer/src/test/java/org/opensearch/provider/action/RestConsumerIndexActionTests.java
  SPDX  /home/fede/IdeaProjects/opensearch-crud-plugin/consumer/src/test/java/org/opensearch/provider/action/RestConsumerUpdateActionTests.java
  SPDX  /home/fede/IdeaProjects/opensearch-crud-plugin/consumer/src/test/java/org/opensearch/provider/model/ConsumerTests.java
  SPDX  /home/fede/IdeaProjects/opensearch-crud-plugin/consumer/src/test/java/org/opensearch/provider/utils/StaticUtilsTests.java
  SPDX  /home/fede/IdeaProjects/opensearch-crud-plugin/consumer/src/yamlRestTest/java/org/opensearch/provider/ConsumerClientYamlTestSuiteIT.java
 
*****************************************************
